// Jest Snapshot v1, https://goo.gl/fbAQLP

exports[`renders footer correctly 1`] = `
<div
  style={
    Object {
      "bottom": 0,
      "left": 0,
      "marginTop": "1rem",
      "padding": "1rem",
      "position": "fixed",
      "width": "100%",
    }
  }
>
  <div
    className="MuiGrid-root MuiGrid-container MuiGrid-spacing-xs-1 MuiGrid-wrap-xs-nowrap MuiGrid-align-items-xs-center MuiGrid-align-content-xs-center MuiGrid-justify-xs-center"
  >
    <small
      style={
        Object {
          "userSelect": "none",
        }
      }
    >
      SrA Harry Randazzo - aka Razzle-Dazzle âœ¨
    </small>
  </div>
</div>
`;
