// Jest Snapshot v1, https://goo.gl/fbAQLP

exports[`renders history modal skeleton 1`] = `
<div
  className="no-print"
/>
`;
